// Jest Snapshot v1, https://goo.gl/fbAQLP

exports[`<PostCard /> should match snapshot 1`] = `
<div
  className="post"
>
  <img
    alt="title 1"
    src="img/img.png"
  />
  <div
    className="post-content"
  >
    <h2>
      title 1
       
      1
    </h2>
    <p>
      body 1
    </p>
  </div>
</div>
`;
